{
  "version": "https://jsonfeed.org/version/1.1",
  "title": "Undercroft Labs",
  "home_page_url": "https://undercroftlabs.com",
  "feed_url": "https://undercroftlabs.com/feed",
  "description": "Tiny tools. Big ideas.",
  "language": "en",
  "items": [
    {
      "id": "you-are-not-a-data-point",
      "url": "https://undercroftlabs.com/blog/posts/you-are-not-a-data-point",
      "title": "You Are Not a Data Point",
      "content_html": "<p>We value your privacy.</p>",
      "summary": "Why Undercroft doesn't track you.",
      "date_published": "2025-04-20T00:00:00Z"
    }
  ]
}
